DEMO: Show the GPU profile catalog and installed physical inventory
Guide: demo/profiles/README.md; inspect pods across namespaces with kubectl get pods -A
PROFILE    MODEL                     DEVICES  GiB/DEVICE  TDP/W
mi210      AMD Instinct MI210              8          64    300
mi250x     AMD Instinct MI250X            16          64    500
mi300a     AMD Instinct MI300A             4         128    550
mi300x     AMD Instinct MI300X             8         192    750
mi325x     AMD Instinct MI325X             8         256   1000
mi350x     AMD Instinct MI350X             8         288   1000
mi355x     AMD Instinct MI355X             8         288   1400

Installed inventory:
GPU 0  0000:05:00.0  NUMA=0 AMD Instinct MI300X       VRAM=196608 MiB status=healthy
GPU 1  0000:26:00.0  NUMA=0 AMD Instinct MI300X       VRAM=196608 MiB status=healthy
GPU 2  0000:46:00.0  NUMA=0 AMD Instinct MI300X       VRAM=196608 MiB status=healthy
GPU 3  0000:65:00.0  NUMA=0 AMD Instinct MI300X       VRAM=196608 MiB status=healthy
GPU 4  0000:85:00.0  NUMA=1 AMD Instinct MI300X       VRAM=196608 MiB status=healthy
GPU 5  0000:a6:00.0  NUMA=1 AMD Instinct MI300X       VRAM=196608 MiB status=healthy
GPU 6  0000:c6:00.0  NUMA=1 AMD Instinct MI300X       VRAM=196608 MiB status=healthy
GPU 7  0000:e5:00.0  NUMA=1 AMD Instinct MI300X       VRAM=196608 MiB status=healthy
Select a different profile at installation; avoid live switches with active consumers.
